[    1085ms] [WARNING] Unable to load glyph range 0, 0-255. Rendering codepoint U+0020 locally instead. Error: Unimplemented type: 4 @ https://malta-osint.vercel.app/_next/static/chunks/2gkx58v2xk426.js:0
[    1086ms] [WARNING] Unable to load glyph range 0, 0-255. Rendering codepoint U+0027 locally instead. Error: Unimplemented type: 4 @ https://malta-osint.vercel.app/_next/static/chunks/2gkx58v2xk426.js:0
[    1086ms] [WARNING] Unable to load glyph range 0, 0-255. Rendering codepoint U+0041 locally instead. Error: Unimplemented type: 4 @ https://malta-osint.vercel.app/_next/static/chunks/2gkx58v2xk426.js:0
[    1086ms] [WARNING] Unable to load glyph range 0, 0-255. Rendering codepoint U+0042 locally instead. Error: Unimplemented type: 4 @ https://malta-osint.vercel.app/_next/static/chunks/2gkx58v2xk426.js:0
[    1086ms] [WARNING] Unable to load glyph range 0, 0-255. Rendering codepoint U+0043 locally instead. Error: Unimplemented type: 4 @ https://malta-osint.vercel.app/_next/static/chunks/2gkx58v2xk426.js:0
[    1086ms] [WARNING] Unable to load glyph range 0, 0-255. Rendering codepoint U+0045 locally instead. Error: Unimplemented type: 4 @ https://malta-osint.vercel.app/_next/static/chunks/2gkx58v2xk426.js:0
[    1087ms] [WARNING] Unable to load glyph range 0, 0-255. Rendering codepoint U+0049 locally instead. Error: Unimplemented type: 4 @ https://malta-osint.vercel.app/_next/static/chunks/2gkx58v2xk426.js:0
[    1087ms] [WARNING] Unable to load glyph range 0, 0-255. Rendering codepoint U+004C locally instead. Error: Unimplemented type: 4 @ https://malta-osint.vercel.app/_next/static/chunks/2gkx58v2xk426.js:0
[    1087ms] [WARNING] Unable to load glyph range 0, 0-255. Rendering codepoint U+004D locally instead. Error: Unimplemented type: 4 @ https://malta-osint.vercel.app/_next/static/chunks/2gkx58v2xk426.js:0
[    1087ms] [WARNING] Unable to load glyph range 0, 0-255. Rendering codepoint U+004E locally instead. Error: Unimplemented type: 4 @ https://malta-osint.vercel.app/_next/static/chunks/2gkx58v2xk426.js:0
[    1087ms] [WARNING] Unable to load glyph range 0, 0-255. Rendering codepoint U+004F locally instead. Error: Unimplemented type: 4 @ https://malta-osint.vercel.app/_next/static/chunks/2gkx58v2xk426.js:0
[    1087ms] [WARNING] Unable to load glyph range 0, 0-255. Rendering codepoint U+0050 locally instead. Error: Unimplemented type: 4 @ https://malta-osint.vercel.app/_next/static/chunks/2gkx58v2xk426.js:0
[    1087ms] [WARNING] Unable to load glyph range 0, 0-255. Rendering codepoint U+0051 locally instead. Error: Unimplemented type: 4 @ https://malta-osint.vercel.app/_next/static/chunks/2gkx58v2xk426.js:0
[    1088ms] [WARNING] Unable to load glyph range 0, 0-255. Rendering codepoint U+0052 locally instead. Error: Unimplemented type: 4 @ https://malta-osint.vercel.app/_next/static/chunks/2gkx58v2xk426.js:0
[    1088ms] [WARNING] Unable to load glyph range 0, 0-255. Rendering codepoint U+0053 locally instead. Error: Unimplemented type: 4 @ https://malta-osint.vercel.app/_next/static/chunks/2gkx58v2xk426.js:0
[    1088ms] [WARNING] Unable to load glyph range 0, 0-255. Rendering codepoint U+0054 locally instead. Error: Unimplemented type: 4 @ https://malta-osint.vercel.app/_next/static/chunks/2gkx58v2xk426.js:0
[    1088ms] [WARNING] Unable to load glyph range 0, 0-255. Rendering codepoint U+0056 locally instead. Error: Unimplemented type: 4 @ https://malta-osint.vercel.app/_next/static/chunks/2gkx58v2xk426.js:0
[    1088ms] [WARNING] Unable to load glyph range 0, 0-255. Rendering codepoint U+005A locally instead. Error: Unimplemented type: 4 @ https://malta-osint.vercel.app/_next/static/chunks/2gkx58v2xk426.js:0
[    1088ms] [WARNING] Unable to load glyph range 0, 0-255. Rendering codepoint U+0061 locally instead. Error: Unimplemented type: 4 @ https://malta-osint.vercel.app/_next/static/chunks/2gkx58v2xk426.js:0
[    1088ms] [WARNING] Unable to load glyph range 0, 0-255. Rendering codepoint U+0062 locally instead. Error: Unimplemented type: 4 @ https://malta-osint.vercel.app/_next/static/chunks/2gkx58v2xk426.js:0
[    1088ms] [WARNING] Unable to load glyph range 0, 0-255. Rendering codepoint U+0064 locally instead. Error: Unimplemented type: 4 @ https://malta-osint.vercel.app/_next/static/chunks/2gkx58v2xk426.js:0
[    1088ms] [WARNING] Unable to load glyph range 0, 0-255. Rendering codepoint U+0065 locally instead. Error: Unimplemented type: 4 @ https://malta-osint.vercel.app/_next/static/chunks/2gkx58v2xk426.js:0
[    1089ms] [WARNING] Unable to load glyph range 0, 0-255. Rendering codepoint U+0069 locally instead. Error: Unimplemented type: 4 @ https://malta-osint.vercel.app/_next/static/chunks/2gkx58v2xk426.js:0
[    1089ms] [WARNING] Unable to load glyph range 0, 0-255. Rendering codepoint U+006B locally instead. Error: Unimplemented type: 4 @ https://malta-osint.vercel.app/_next/static/chunks/2gkx58v2xk426.js:0
[    1089ms] [WARNING] Unable to load glyph range 0, 0-255. Rendering codepoint U+006C locally instead. Error: Unimplemented type: 4 @ https://malta-osint.vercel.app/_next/static/chunks/2gkx58v2xk426.js:0
[    1089ms] [WARNING] Unable to load glyph range 0, 0-255. Rendering codepoint U+006D locally instead. Error: Unimplemented type: 4 @ https://malta-osint.vercel.app/_next/static/chunks/2gkx58v2xk426.js:0
[    1089ms] [WARNING] Unable to load glyph range 0, 0-255. Rendering codepoint U+006E locally instead. Error: Unimplemented type: 4 @ https://malta-osint.vercel.app/_next/static/chunks/2gkx58v2xk426.js:0
[    1089ms] [WARNING] Unable to load glyph range 0, 0-255. Rendering codepoint U+006F locally instead. Error: Unimplemented type: 4 @ https://malta-osint.vercel.app/_next/static/chunks/2gkx58v2xk426.js:0
[    1089ms] [WARNING] Unable to load glyph range 0, 0-255. Rendering codepoint U+0072 locally instead. Error: Unimplemented type: 4 @ https://malta-osint.vercel.app/_next/static/chunks/2gkx58v2xk426.js:0
[    1089ms] [WARNING] Unable to load glyph range 0, 0-255. Rendering codepoint U+0073 locally instead. Error: Unimplemented type: 4 @ https://malta-osint.vercel.app/_next/static/chunks/2gkx58v2xk426.js:0
[    1089ms] [WARNING] Unable to load glyph range 0, 0-255. Rendering codepoint U+0074 locally instead. Error: Unimplemented type: 4 @ https://malta-osint.vercel.app/_next/static/chunks/2gkx58v2xk426.js:0
[    1089ms] [WARNING] Unable to load glyph range 0, 0-255. Rendering codepoint U+0075 locally instead. Error: Unimplemented type: 4 @ https://malta-osint.vercel.app/_next/static/chunks/2gkx58v2xk426.js:0
[    1089ms] [WARNING] Unable to load glyph range 0, 0-255. Rendering codepoint U+0077 locally instead. Error: Unimplemented type: 4 @ https://malta-osint.vercel.app/_next/static/chunks/2gkx58v2xk426.js:0
[    1090ms] [WARNING] Unable to load glyph range 0, 0-255. Rendering codepoint U+0078 locally instead. Error: Unimplemented type: 4 @ https://malta-osint.vercel.app/_next/static/chunks/2gkx58v2xk426.js:0
[    1090ms] [WARNING] Unable to load glyph range 0, 0-255. Rendering codepoint U+0079 locally instead. Error: Unimplemented type: 4 @ https://malta-osint.vercel.app/_next/static/chunks/2gkx58v2xk426.js:0
[    1090ms] [WARNING] Unable to load glyph range 0, 0-255. Rendering codepoint U+0046 locally instead. Error: Unimplemented type: 4 @ https://malta-osint.vercel.app/_next/static/chunks/2gkx58v2xk426.js:0
[    1091ms] [WARNING] Unable to load glyph range 0, 0-255. Rendering codepoint U+0047 locally instead. Error: Unimplemented type: 4 @ https://malta-osint.vercel.app/_next/static/chunks/2gkx58v2xk426.js:0
[    1092ms] [WARNING] Unable to load glyph range 0, 0-255. Rendering codepoint U+0055 locally instead. Error: Unimplemented type: 4 @ https://malta-osint.vercel.app/_next/static/chunks/2gkx58v2xk426.js:0
[    1092ms] [WARNING] Unable to load glyph range 0, 0-255. Rendering codepoint U+0059 locally instead. Error: Unimplemented type: 4 @ https://malta-osint.vercel.app/_next/static/chunks/2gkx58v2xk426.js:0
[    1092ms] [WARNING] Unable to load glyph range 0, 0-255. Rendering codepoint U+0063 locally instead. Error: Unimplemented type: 4 @ https://malta-osint.vercel.app/_next/static/chunks/2gkx58v2xk426.js:0
[    1093ms] [WARNING] Unable to load glyph range 0, 0-255. Rendering codepoint U+0067 locally instead. Error: Unimplemented type: 4 @ https://malta-osint.vercel.app/_next/static/chunks/2gkx58v2xk426.js:0
[    1093ms] [WARNING] Unable to load glyph range 0, 0-255. Rendering codepoint U+0068 locally instead. Error: Unimplemented type: 4 @ https://malta-osint.vercel.app/_next/static/chunks/2gkx58v2xk426.js:0
[    1093ms] [WARNING] Unable to load glyph range 0, 0-255. Rendering codepoint U+0070 locally instead. Error: Unimplemented type: 4 @ https://malta-osint.vercel.app/_next/static/chunks/2gkx58v2xk426.js:0
[    1094ms] [WARNING] Unable to load glyph range 0, 0-255. Rendering codepoint U+0076 locally instead. Error: Unimplemented type: 4 @ https://malta-osint.vercel.app/_next/static/chunks/2gkx58v2xk426.js:0
[    1094ms] [WARNING] Unable to load glyph range 0, 0-255. Rendering codepoint U+007A locally instead. Error: Unimplemented type: 4 @ https://malta-osint.vercel.app/_next/static/chunks/2gkx58v2xk426.js:0
[    1272ms] [WARNING] Unable to load glyph range 1, 256-511. Rendering codepoint U+0120 locally instead. Error: Unimplemented type: 4 @ https://malta-osint.vercel.app/_next/static/chunks/2gkx58v2xk426.js:0
[    8383ms] [WARNING] Unable to load glyph range 0, 0-255. Rendering codepoint U+002D locally instead. Error: Unimplemented type: 4 @ https://malta-osint.vercel.app/_next/static/chunks/2gkx58v2xk426.js:0
[    8383ms] [WARNING] Unable to load glyph range 0, 0-255. Rendering codepoint U+0030 locally instead. Error: Unimplemented type: 4 @ https://malta-osint.vercel.app/_next/static/chunks/2gkx58v2xk426.js:0
[    8383ms] [WARNING] Unable to load glyph range 0, 0-255. Rendering codepoint U+0031 locally instead. Error: Unimplemented type: 4 @ https://malta-osint.vercel.app/_next/static/chunks/2gkx58v2xk426.js:0
[    8384ms] [WARNING] Unable to load glyph range 0, 0-255. Rendering codepoint U+0032 locally instead. Error: Unimplemented type: 4 @ https://malta-osint.vercel.app/_next/static/chunks/2gkx58v2xk426.js:0
[    8384ms] [WARNING] Unable to load glyph range 0, 0-255. Rendering codepoint U+0033 locally instead. Error: Unimplemented type: 4 @ https://malta-osint.vercel.app/_next/static/chunks/2gkx58v2xk426.js:0
[    8384ms] [WARNING] Unable to load glyph range 0, 0-255. Rendering codepoint U+0034 locally instead. Error: Unimplemented type: 4 @ https://malta-osint.vercel.app/_next/static/chunks/2gkx58v2xk426.js:0
[    8384ms] [WARNING] Unable to load glyph range 0, 0-255. Rendering codepoint U+0035 locally instead. Error: Unimplemented type: 4 @ https://malta-osint.vercel.app/_next/static/chunks/2gkx58v2xk426.js:0
[    8384ms] [WARNING] Unable to load glyph range 0, 0-255. Rendering codepoint U+0036 locally instead. Error: Unimplemented type: 4 @ https://malta-osint.vercel.app/_next/static/chunks/2gkx58v2xk426.js:0
[    8384ms] [WARNING] Unable to load glyph range 0, 0-255. Rendering codepoint U+0037 locally instead. Error: Unimplemented type: 4 @ https://malta-osint.vercel.app/_next/static/chunks/2gkx58v2xk426.js:0
[    8384ms] [WARNING] Unable to load glyph range 0, 0-255. Rendering codepoint U+0038 locally instead. Error: Unimplemented type: 4 @ https://malta-osint.vercel.app/_next/static/chunks/2gkx58v2xk426.js:0
[    8384ms] [WARNING] Unable to load glyph range 0, 0-255. Rendering codepoint U+0039 locally instead. Error: Unimplemented type: 4 @ https://malta-osint.vercel.app/_next/static/chunks/2gkx58v2xk426.js:0
